Copyright 1986-2022 Xilinx, Inc. All Rights Reserved. Copyright 2022-2024 Advanced Micro Devices, Inc. All Rights Reserved.
---------------------------------------------------------------------------------------------------------------------------------------------
| Tool Version : Vivado v.2024.2 (win64) Build 5239630 Fri Nov 08 22:35:27 MST 2024
| Date         : Sun Nov  2 11:33:26 2025
| Host         : TheJackdaw running 64-bit major release  (build 9200)
| Command      : report_utilization -hierarchical -hierarchical_depth 7 -file ./report/kernel_cholesky_0_utilization_hierarchical_synth.rpt
| Design       : bd_0_wrapper
| Device       : xc7z020clg484-1
| Speed File   : -1
| Design State : Synthesized
---------------------------------------------------------------------------------------------------------------------------------------------

Utilization Design Information

Table of Contents
-----------------
1. Utilization by Hierarchy

1. Utilization by Hierarchy
---------------------------

+---------------------------------------------------------------------------------------------------------+------------------------------------------------------------------------------------------------------------------+------------+------------+---------+------+-------+--------+--------+------------+
|                                                 Instance                                                |                                                      Module                                                      | Total LUTs | Logic LUTs | LUTRAMs | SRLs |  FFs  | RAMB36 | RAMB18 | DSP Blocks |
+---------------------------------------------------------------------------------------------------------+------------------------------------------------------------------------------------------------------------------+------------+------------+---------+------+-------+--------+--------+------------+
| bd_0_wrapper                                                                                            |                                                                                                            (top) |       7949 |       7752 |      32 |  165 | 11230 |      0 |      2 |         14 |
|   bd_0_i                                                                                                |                                                                                                             bd_0 |       7949 |       7752 |      32 |  165 | 11230 |      0 |      2 |         14 |
|     hls_inst                                                                                            |                                                                                                  bd_0_hls_inst_0 |       7949 |       7752 |      32 |  165 | 11230 |      0 |      2 |         14 |
|       (hls_inst)                                                                                        |                                                                                                  bd_0_hls_inst_0 |          0 |          0 |       0 |    0 |     0 |      0 |      0 |          0 |
|       inst                                                                                              |                                                                                bd_0_hls_inst_0_kernel_cholesky_0 |       7949 |       7752 |      32 |  165 | 11230 |      0 |      2 |         14 |
|         (inst)                                                                                          |                                                                                bd_0_hls_inst_0_kernel_cholesky_0 |          1 |          1 |       0 |    0 |    10 |      0 |      0 |          0 |
|         A_im_U                                                                                          |                                                             bd_0_hls_inst_0_kernel_cholesky_0_A_re_RAM_AUTO_1R1W |         31 |         15 |      16 |    0 |    16 |      0 |      0 |          0 |
|         A_re_U                                                                                          |                                                           bd_0_hls_inst_0_kernel_cholesky_0_A_re_RAM_AUTO_1R1W_0 |         16 |          0 |      16 |    0 |    16 |      0 |      0 |          0 |
|         L_im_U                                                                                          |                                                             bd_0_hls_inst_0_kernel_cholesky_0_L_re_RAM_AUTO_1R1W |          0 |          0 |       0 |    0 |     0 |      0 |      1 |          0 |
|         L_re_U                                                                                          |                                                           bd_0_hls_inst_0_kernel_cholesky_0_L_re_RAM_AUTO_1R1W_1 |          0 |          0 |       0 |    0 |     0 |      0 |      1 |          0 |
|         grp_choleskyAlt_false_3_choleskyTraits_x_complex_x_complex_ap_fixed_s_fu_54                     |              bd_0_hls_inst_0_kernel_cholesky_0_choleskyAlt_false_3_choleskyTraits_x_complex_x_complex_ap_fixed_s |       7801 |       7636 |       0 |  165 | 11150 |      0 |      0 |         14 |
|           (grp_choleskyAlt_false_3_choleskyTraits_x_complex_x_complex_ap_fixed_s_fu_54)                 |              bd_0_hls_inst_0_kernel_cholesky_0_choleskyAlt_false_3_choleskyTraits_x_complex_x_complex_ap_fixed_s |       2134 |       2134 |       0 |    0 |  2478 |      0 |      0 |          0 |
|           bitselect_1ns_54ns_32s_1_1_1_U35                                                              |                                                   bd_0_hls_inst_0_kernel_cholesky_0_bitselect_1ns_54ns_32s_1_1_1 |         29 |         29 |       0 |    0 |     0 |      0 |      0 |          0 |
|           bitselect_1ns_54ns_32s_1_1_1_U36                                                              |                                                 bd_0_hls_inst_0_kernel_cholesky_0_bitselect_1ns_54ns_32s_1_1_1_3 |         16 |         16 |       0 |    0 |     0 |      0 |      0 |          0 |
|           bitselect_1ns_54ns_32s_1_1_1_U37                                                              |                                                 bd_0_hls_inst_0_kernel_cholesky_0_bitselect_1ns_54ns_32s_1_1_1_4 |         30 |         30 |       0 |    0 |     0 |      0 |      0 |          0 |
|           bitselect_1ns_54ns_32s_1_1_1_U38                                                              |                                                 bd_0_hls_inst_0_kernel_cholesky_0_bitselect_1ns_54ns_32s_1_1_1_5 |         16 |         16 |       0 |    0 |     0 |      0 |      0 |          0 |
|           ctlz_17_17_1_1_U33                                                                            |                                                                 bd_0_hls_inst_0_kernel_cholesky_0_ctlz_17_17_1_1 |         20 |         20 |       0 |    0 |     0 |      0 |      0 |          0 |
|           ctlz_34_34_1_1_U34                                                                            |                                                                 bd_0_hls_inst_0_kernel_cholesky_0_ctlz_34_34_1_1 |         22 |         22 |       0 |    0 |     0 |      0 |      0 |          0 |
|           dsqrt_64ns_64ns_64_57_no_dsp_1_U25                                                            |                                                 bd_0_hls_inst_0_kernel_cholesky_0_dsqrt_64ns_64ns_64_57_no_dsp_1 |       1710 |       1642 |       0 |   68 |  3320 |      0 |      0 |          0 |
|             (dsqrt_64ns_64ns_64_57_no_dsp_1_U25)                                                        |                                                 bd_0_hls_inst_0_kernel_cholesky_0_dsqrt_64ns_64ns_64_57_no_dsp_1 |          0 |          0 |       0 |    0 |    50 |      0 |      0 |          0 |
|             kernel_cholesky_0_dsqrt_64ns_64ns_64_57_no_dsp_1_ip_u                                       |                                           bd_0_hls_inst_0_kernel_cholesky_0_dsqrt_64ns_64ns_64_57_no_dsp_1_ip_52 |       1710 |       1642 |       0 |   68 |  3270 |      0 |      0 |          0 |
|               (kernel_cholesky_0_dsqrt_64ns_64ns_64_57_no_dsp_1_ip_u)                                   |                                           bd_0_hls_inst_0_kernel_cholesky_0_dsqrt_64ns_64ns_64_57_no_dsp_1_ip_52 |          0 |          0 |       0 |    0 |     0 |      0 |      0 |          0 |
|               inst                                                                                      |                                                                           bd_0_hls_inst_0_floating_point_v7_1_19 |       1710 |       1642 |       0 |   68 |  3270 |      0 |      0 |          0 |
|           dsqrt_64ns_64ns_64_57_no_dsp_1_U26                                                            |                                               bd_0_hls_inst_0_kernel_cholesky_0_dsqrt_64ns_64ns_64_57_no_dsp_1_6 |       1685 |       1625 |       0 |   60 |  3307 |      0 |      0 |          0 |
|             (dsqrt_64ns_64ns_64_57_no_dsp_1_U26)                                                        |                                               bd_0_hls_inst_0_kernel_cholesky_0_dsqrt_64ns_64ns_64_57_no_dsp_1_6 |          0 |          0 |       0 |    0 |    45 |      0 |      0 |          0 |
|             kernel_cholesky_0_dsqrt_64ns_64ns_64_57_no_dsp_1_ip_u                                       |                                              bd_0_hls_inst_0_kernel_cholesky_0_dsqrt_64ns_64ns_64_57_no_dsp_1_ip |       1685 |       1625 |       0 |   60 |  3262 |      0 |      0 |          0 |
|               (kernel_cholesky_0_dsqrt_64ns_64ns_64_57_no_dsp_1_ip_u)                                   |                                              bd_0_hls_inst_0_kernel_cholesky_0_dsqrt_64ns_64ns_64_57_no_dsp_1_ip |          0 |          0 |       0 |    0 |     0 |      0 |      0 |          0 |
|               inst                                                                                      |                                                                        bd_0_hls_inst_0_floating_point_v7_1_19__1 |       1685 |       1625 |       0 |   60 |  3262 |      0 |      0 |          0 |
|           grp_choleskyAlt_false_3_choleskyTraits_x_complex_x_complex_ap_fixed_Pipeline_sum_s_fu_477     | bd_0_hls_inst_0_kernel_cholesky_0_choleskyAlt_false_3_choleskyTraits_x_complex_x_complex_ap_fixed_Pipeline_sum_s |        355 |        353 |       0 |    2 |   257 |      0 |      0 |          4 |
|             (grp_choleskyAlt_false_3_choleskyTraits_x_complex_x_complex_ap_fixed_Pipeline_sum_s_fu_477) | bd_0_hls_inst_0_kernel_cholesky_0_choleskyAlt_false_3_choleskyTraits_x_complex_x_complex_ap_fixed_Pipeline_sum_s |        168 |        166 |       0 |    2 |   255 |      0 |      0 |          0 |
|             flow_control_loop_pipe_sequential_init_U                                                    |                                       bd_0_hls_inst_0_kernel_cholesky_0_flow_control_loop_pipe_sequential_init_9 |        123 |        123 |       0 |    0 |     2 |      0 |      0 |          0 |
|             mul_16s_16s_32_2_1_U6                                                                       |                                                          bd_0_hls_inst_0_kernel_cholesky_0_mul_16s_16s_32_2_1_10 |          0 |          0 |       0 |    0 |     0 |      0 |      0 |          1 |
|             mul_16s_16s_32_2_1_U7                                                                       |                                                          bd_0_hls_inst_0_kernel_cholesky_0_mul_16s_16s_32_2_1_11 |          0 |          0 |       0 |    0 |     0 |      0 |      0 |          1 |
|             mul_16s_16s_32_2_1_U8                                                                       |                                                          bd_0_hls_inst_0_kernel_cholesky_0_mul_16s_16s_32_2_1_12 |         32 |         32 |       0 |    0 |     0 |      0 |      0 |          1 |
|             mul_16s_16s_32_2_1_U9                                                                       |                                                          bd_0_hls_inst_0_kernel_cholesky_0_mul_16s_16s_32_2_1_13 |         32 |         32 |       0 |    0 |     0 |      0 |      0 |          1 |
|           mul_16s_16s_32_2_1_U31                                                                        |                                                             bd_0_hls_inst_0_kernel_cholesky_0_mul_16s_16s_32_2_1 |          3 |          3 |       0 |    0 |     0 |      0 |      0 |          1 |
|           mul_16s_16s_32_2_1_U32                                                                        |                                                           bd_0_hls_inst_0_kernel_cholesky_0_mul_16s_16s_32_2_1_7 |          3 |          3 |       0 |    0 |     0 |      0 |      0 |          1 |
|           mul_34s_33s_67_3_1_U27                                                                        |                                                             bd_0_hls_inst_0_kernel_cholesky_0_mul_34s_33s_67_3_1 |         50 |         50 |       0 |    0 |    34 |      0 |      0 |          4 |
|           mul_34s_33s_67_3_1_U28                                                                        |                                                           bd_0_hls_inst_0_kernel_cholesky_0_mul_34s_33s_67_3_1_8 |         83 |         83 |       0 |    0 |    34 |      0 |      0 |          4 |
|           sdiv_34ns_19s_34_38_1_U49                                                                     |                                                          bd_0_hls_inst_0_kernel_cholesky_0_sdiv_34ns_19s_34_38_1 |       1645 |       1610 |       0 |   35 |  1720 |      0 |      0 |          0 |
|             (sdiv_34ns_19s_34_38_1_U49)                                                                 |                                                          bd_0_hls_inst_0_kernel_cholesky_0_sdiv_34ns_19s_34_38_1 |         17 |         17 |       0 |    0 |    53 |      0 |      0 |          0 |
|             kernel_cholesky_0_sdiv_34ns_19s_34_38_1_divider_u                                           |                                                  bd_0_hls_inst_0_kernel_cholesky_0_sdiv_34ns_19s_34_38_1_divider |       1628 |       1593 |       0 |   35 |  1667 |      0 |      0 |          0 |
|         grp_kernel_cholesky_0_Pipeline_VITIS_LOOP_724_1_fu_44                                           |                                    bd_0_hls_inst_0_kernel_cholesky_0_kernel_cholesky_0_Pipeline_VITIS_LOOP_724_1 |         34 |         34 |       0 |    0 |    19 |      0 |      0 |          0 |
|           (grp_kernel_cholesky_0_Pipeline_VITIS_LOOP_724_1_fu_44)                                       |                                    bd_0_hls_inst_0_kernel_cholesky_0_kernel_cholesky_0_Pipeline_VITIS_LOOP_724_1 |         26 |         26 |       0 |    0 |    17 |      0 |      0 |          0 |
|           flow_control_loop_pipe_sequential_init_U                                                      |                                       bd_0_hls_inst_0_kernel_cholesky_0_flow_control_loop_pipe_sequential_init_2 |          8 |          8 |       0 |    0 |     2 |      0 |      0 |          0 |
|         grp_kernel_cholesky_0_Pipeline_VITIS_LOOP_734_3_fu_62                                           |                                    bd_0_hls_inst_0_kernel_cholesky_0_kernel_cholesky_0_Pipeline_VITIS_LOOP_734_3 |         66 |         66 |       0 |    0 |    19 |      0 |      0 |          0 |
|           (grp_kernel_cholesky_0_Pipeline_VITIS_LOOP_734_3_fu_62)                                       |                                    bd_0_hls_inst_0_kernel_cholesky_0_kernel_cholesky_0_Pipeline_VITIS_LOOP_734_3 |         58 |         58 |       0 |    0 |    17 |      0 |      0 |          0 |
|           flow_control_loop_pipe_sequential_init_U                                                      |                                         bd_0_hls_inst_0_kernel_cholesky_0_flow_control_loop_pipe_sequential_init |          8 |          8 |       0 |    0 |     2 |      0 |      0 |          0 |
+---------------------------------------------------------------------------------------------------------+------------------------------------------------------------------------------------------------------------------+------------+------------+---------+------+-------+--------+--------+------------+


