

================================================================
== Vitis HLS Report for 'kernel_cholesky_0'
================================================================
* Date:           Sat Nov  1 16:29:54 2025

* Version:        2024.2 (Build 5238294 on Nov  8 2024)
* Project:        kernel_cholesky_0
* Solution:       hls (Vivado IP Flow Target)
* Product family: zynq
* Target device:  xc7z020-clg484-1


================================================================
== Performance Estimates
================================================================
+ Timing: 
    * Summary: 
    +--------+---------+----------+------------+
    |  Clock |  Target | Estimated| Uncertainty|
    +--------+---------+----------+------------+
    |ap_clk  |  6.00 ns|  5.388 ns|     0.60 ns|
    +--------+---------+----------+------------+

+ Latency: 
    * Summary: 
    +---------+---------+----------+----------+-----+-----+---------+
    |  Latency (cycles) |  Latency (absolute) |  Interval | Pipeline|
    |   min   |   max   |    min   |    max   | min | max |   Type  |
    +---------+---------+----------+----------+-----+-----+---------+
    |      372|      528|  2.232 us|  3.168 us|  373|  529|       no|
    +---------+---------+----------+----------+-----+-----+---------+

    + Detail: 
        * Instance: 
        N/A

        * Loop: 
        N/A

============================================================
+ Verbose Summary: Synthesis Manager
============================================================
InlineROM: 1
ExposeGlobal: 0
============================================================
+ Verbose Summary: CDFG Model
============================================================
IsTopModel: 1
ResetActiveHigh: 1
IsCombinational: 0
IsDatapathOnly: 0
HasWiredReturn: 1
HasMFsm: 0
HasVarLatency: 1
IsPipeline: 0
IsRtlPipelined: 0
IsInstanceOverlapped: 0
IsDontTouch: 0
HasImplIP: 0
IsGatedGlobalClock: 0


============================================================
+ Verbose Summary: Schedule
============================================================
* Number of FSM states : 6
* Pipeline : 0
* Dataflow Pipeline: 0

* FSM state transitions: 
1 --> 2 
2 --> 3 
3 --> 4 
4 --> 5 
5 --> 6 
6 --> 

* FSM state operations: 

State 1 <SV = 0> <Delay = 0.00>
ST_1 : Operation 7 [1/1] (0.00ns)   --->   "%A_re = alloca i64 1" [D:/Xillinx_Project/PROJECT/solver/L1/tests/cholesky/complex_fixed_arch0/../../../../L1/include/hw/cholesky.hpp:721->../solver/L1/tests/cholesky/kernel/kernel_cholesky_0.cpp:26]   --->   Operation 7 'alloca' 'A_re' <Predicate = true> <Delay = 0.00>
ST_1 : Operation 8 [1/1] (0.00ns)   --->   "%A_im = alloca i64 1" [D:/Xillinx_Project/PROJECT/solver/L1/tests/cholesky/complex_fixed_arch0/../../../../L1/include/hw/cholesky.hpp:721->../solver/L1/tests/cholesky/kernel/kernel_cholesky_0.cpp:26]   --->   Operation 8 'alloca' 'A_im' <Predicate = true> <Delay = 0.00>
ST_1 : Operation 9 [1/1] (0.00ns)   --->   "%L_re = alloca i64 1" [D:/Xillinx_Project/PROJECT/solver/L1/tests/cholesky/complex_fixed_arch0/../../../../L1/include/hw/cholesky.hpp:722->../solver/L1/tests/cholesky/kernel/kernel_cholesky_0.cpp:26]   --->   Operation 9 'alloca' 'L_re' <Predicate = true> <Delay = 0.00>
ST_1 : Operation 10 [1/1] (0.00ns)   --->   "%L_im = alloca i64 1" [D:/Xillinx_Project/PROJECT/solver/L1/tests/cholesky/complex_fixed_arch0/../../../../L1/include/hw/cholesky.hpp:722->../solver/L1/tests/cholesky/kernel/kernel_cholesky_0.cpp:26]   --->   Operation 10 'alloca' 'L_im' <Predicate = true> <Delay = 0.00>
ST_1 : Operation 11 [2/2] (0.00ns)   --->   "%call_ln0 = call void @kernel_cholesky_0_Pipeline_VITIS_LOOP_724_1, i16 %A_re, i16 %A_im, i32 %matrixAStrm"   --->   Operation 11 'call' 'call_ln0' <Predicate = true> <Delay = 0.00> <CoreType = "Generic">   --->   Generic Core

State 2 <SV = 1> <Delay = 0.00>
ST_2 : Operation 12 [1/2] (0.00ns)   --->   "%call_ln0 = call void @kernel_cholesky_0_Pipeline_VITIS_LOOP_724_1, i16 %A_re, i16 %A_im, i32 %matrixAStrm"   --->   Operation 12 'call' 'call_ln0' <Predicate = true> <Delay = 0.00> <CoreType = "Generic">   --->   Generic Core

State 3 <SV = 2> <Delay = 0.00>
ST_3 : Operation 13 [2/2] (0.00ns)   --->   "%ret = call i32 @choleskyAlt<false,3,choleskyTraits,x_complex,x_complex<ap_fixed >>, i16 %A_re, i16 %A_im, i16 %L_re, i16 %L_im" [D:/Xillinx_Project/PROJECT/solver/L1/tests/cholesky/complex_fixed_arch0/../../../../L1/include/hw/cholesky.hpp:692->D:/Xillinx_Project/PROJECT/solver/L1/tests/cholesky/complex_fixed_arch0/../../../../L1/include/hw/cholesky.hpp:732->../solver/L1/tests/cholesky/kernel/kernel_cholesky_0.cpp:26]   --->   Operation 13 'call' 'ret' <Predicate = true> <Delay = 0.00> <CoreType = "Generic">   --->   Generic Core

State 4 <SV = 3> <Delay = 1.56>
ST_4 : Operation 14 [1/2] (1.56ns)   --->   "%ret = call i32 @choleskyAlt<false,3,choleskyTraits,x_complex,x_complex<ap_fixed >>, i16 %A_re, i16 %A_im, i16 %L_re, i16 %L_im" [D:/Xillinx_Project/PROJECT/solver/L1/tests/cholesky/complex_fixed_arch0/../../../../L1/include/hw/cholesky.hpp:692->D:/Xillinx_Project/PROJECT/solver/L1/tests/cholesky/complex_fixed_arch0/../../../../L1/include/hw/cholesky.hpp:732->../solver/L1/tests/cholesky/kernel/kernel_cholesky_0.cpp:26]   --->   Operation 14 'call' 'ret' <Predicate = true> <Delay = 1.56> <CoreType = "Generic">   --->   Generic Core

State 5 <SV = 4> <Delay = 0.00>
ST_5 : Operation 15 [2/2] (0.00ns)   --->   "%call_ln0 = call void @kernel_cholesky_0_Pipeline_VITIS_LOOP_734_3, i16 %L_re, i16 %L_im, i32 %matrixLStrm"   --->   Operation 15 'call' 'call_ln0' <Predicate = true> <Delay = 0.00> <CoreType = "Generic">   --->   Generic Core

State 6 <SV = 5> <Delay = 0.00>
ST_6 : Operation 16 [1/1] (0.00ns)   --->   "%specbitsmap_ln0 = specbitsmap void @_ssdm_op_SpecBitsMap, i32 0"   --->   Operation 16 'specbitsmap' 'specbitsmap_ln0' <Predicate = true> <Delay = 0.00>
ST_6 : Operation 17 [1/1] (0.00ns)   --->   "%spectopmodule_ln24 = spectopmodule void @_ssdm_op_SpecTopModule, void @empty_3" [../solver/L1/tests/cholesky/kernel/kernel_cholesky_0.cpp:24]   --->   Operation 17 'spectopmodule' 'spectopmodule_ln24' <Predicate = true> <Delay = 0.00>
ST_6 : Operation 18 [1/1] (0.00ns)   --->   "%specinterface_ln0 = specinterface void @_ssdm_op_SpecInterface, i32 %matrixAStrm, void @empty_2, i32 0, i32 0, void @empty_1, i32 0, i32 0, void @empty_1, void @empty_1, void @empty_1, i32 0, i32 0, i32 0, i32 0, void @empty_1, void @empty_1, i32 4294967295, i32 0, i32 0"   --->   Operation 18 'specinterface' 'specinterface_ln0' <Predicate = true> <Delay = 0.00>
ST_6 : Operation 19 [1/1] (0.00ns)   --->   "%specbitsmap_ln0 = specbitsmap void @_ssdm_op_SpecBitsMap, i32 %matrixAStrm"   --->   Operation 19 'specbitsmap' 'specbitsmap_ln0' <Predicate = true> <Delay = 0.00>
ST_6 : Operation 20 [1/1] (0.00ns)   --->   "%specinterface_ln0 = specinterface void @_ssdm_op_SpecInterface, i32 %matrixLStrm, void @empty_2, i32 0, i32 0, void @empty_1, i32 0, i32 0, void @empty_1, void @empty_1, void @empty_1, i32 0, i32 0, i32 0, i32 0, void @empty_1, void @empty_1, i32 4294967295, i32 0, i32 0"   --->   Operation 20 'specinterface' 'specinterface_ln0' <Predicate = true> <Delay = 0.00>
ST_6 : Operation 21 [1/1] (0.00ns)   --->   "%specbitsmap_ln0 = specbitsmap void @_ssdm_op_SpecBitsMap, i32 %matrixLStrm"   --->   Operation 21 'specbitsmap' 'specbitsmap_ln0' <Predicate = true> <Delay = 0.00>
ST_6 : Operation 22 [1/2] (0.00ns)   --->   "%call_ln0 = call void @kernel_cholesky_0_Pipeline_VITIS_LOOP_734_3, i16 %L_re, i16 %L_im, i32 %matrixLStrm"   --->   Operation 22 'call' 'call_ln0' <Predicate = true> <Delay = 0.00> <CoreType = "Generic">   --->   Generic Core
ST_6 : Operation 23 [1/1] (0.00ns)   --->   "%ret_ln27 = ret i32 %ret" [../solver/L1/tests/cholesky/kernel/kernel_cholesky_0.cpp:27]   --->   Operation 23 'ret' 'ret_ln27' <Predicate = true> <Delay = 0.00>


============================================================
+ Verbose Summary: Timing violations
============================================================
Target clock period: 6.000ns, clock uncertainty: 0.600ns.

 <State 1>: 0.000ns
The critical path consists of the following:

 <State 2>: 0.000ns
The critical path consists of the following:

 <State 3>: 0.000ns
The critical path consists of the following:

 <State 4>: 1.565ns
The critical path consists of the following:
	'call' operation 32 bit ('ret', D:/Xillinx_Project/PROJECT/solver/L1/tests/cholesky/complex_fixed_arch0/../../../../L1/include/hw/cholesky.hpp:692->D:/Xillinx_Project/PROJECT/solver/L1/tests/cholesky/complex_fixed_arch0/../../../../L1/include/hw/cholesky.hpp:732->../solver/L1/tests/cholesky/kernel/kernel_cholesky_0.cpp:26) to 'choleskyAlt<false,3,choleskyTraits,x_complex,x_complex<ap_fixed >>' [14]  (1.565 ns)

 <State 5>: 0.000ns
The critical path consists of the following:

 <State 6>: 0.000ns
The critical path consists of the following:


============================================================
+ Verbose Summary: Binding
============================================================
N/A
* FSMD analyzer results:
  - Output states:
 - Input state : 
  - Chain level:
	State 1
	State 2
	State 3
	State 4
	State 5
	State 6


============================================================
+ Verbose Summary: Datapath Resource usage 
============================================================
N/A
