

================================================================
== Vitis HLS Report for 'lzCompress_6_4_65536_6_1_1024_64_Pipeline_lz_compress'
================================================================
* Date:           Fri Oct 31 14:49:05 2025

* Version:        2024.2 (Build 5238294 on Nov  8 2024)
* Project:        lz4CompressEngineRun
* Solution:       hls (Vivado IP Flow Target)
* Product family: zynq
* Target device:  xc7z020-clg484-1


================================================================
== Performance Estimates
================================================================
+ Timing: 
    * Summary: 
    +--------+---------+----------+------------+
    |  Clock |  Target | Estimated| Uncertainty|
    +--------+---------+----------+------------+
    |ap_clk  |  7.00 ns|  6.238 ns|     0.70 ns|
    +--------+---------+----------+------------+

+ Latency: 
    * Summary: 
    +---------+---------+----------+----------+-----+-----+------------------------------------------------+
    |  Latency (cycles) |  Latency (absolute) |  Interval |                    Pipeline                    |
    |   min   |   max   |    min   |    max   | min | max |                      Type                      |
    +---------+---------+----------+----------+-----+-----+------------------------------------------------+
    |        ?|        ?|         ?|         ?|    0|    0|  loop auto-rewind stp (delay=0 clock cycles(s))|
    +---------+---------+----------+----------+-----+-----+------------------------------------------------+

    + Detail: 
        * Instance: 
        N/A

        * Loop: 
        +---------------+---------+---------+----------+-----------+-----------+------+----------+
        |               |  Latency (cycles) | Iteration|  Initiation Interval  | Trip |          |
        |   Loop Name   |   min   |   max   |  Latency |  achieved |   target  | Count| Pipelined|
        +---------------+---------+---------+----------+-----------+-----------+------+----------+
        |- lz_compress  |        ?|        ?|        12|          3|          3|     ?|       yes|
        +---------------+---------+---------+----------+-----------+-----------+------+----------+



================================================================
== Utilization Estimates
================================================================
* Summary: 
+-----------------+---------+-----+--------+-------+-----+
|       Name      | BRAM_18K| DSP |   FF   |  LUT  | URAM|
+-----------------+---------+-----+--------+-------+-----+
|DSP              |        -|    -|       -|      -|    -|
|Expression       |        -|    -|       0|   2818|    -|
|FIFO             |        -|    -|       -|      -|    -|
|Instance         |        -|    -|       0|     20|    -|
|Memory           |        -|    -|       -|      -|    -|
|Multiplexer      |        -|    -|       0|    119|    -|
|Register         |        -|    -|    1922|    160|    -|
+-----------------+---------+-----+--------+-------+-----+
|Total            |        0|    0|    1922|   3117|    0|
+-----------------+---------+-----+--------+-------+-----+
|Available        |      280|  220|  106400|  53200|    0|
+-----------------+---------+-----+--------+-------+-----+
|Utilization (%)  |        0|    0|       1|      5|    0|
+-----------------+---------+-----+--------+-------+-----+

+ Detail: 
    * Instance: 
    +---------------------------+-----------------------+---------+----+---+----+-----+
    |          Instance         |         Module        | BRAM_18K| DSP| FF| LUT| URAM|
    +---------------------------+-----------------------+---------+----+---+----+-----+
    |sparsemux_9_2_408_1_1_U18  |sparsemux_9_2_408_1_1  |        0|   0|  0|  20|    0|
    +---------------------------+-----------------------+---------+----+---+----+-----+
    |Total                      |                       |        0|   0|  0|  20|    0|
    +---------------------------+-----------------------+---------+----+---+----+-----+

    * DSP: 
    N/A

    * Memory: 
    N/A

    * FIFO: 
    N/A

    * Expression: 
    +---------------------------------------+----------+----+---+----+------------+------------+
    |             Variable Name             | Operation| DSP| FF| LUT| Bitwidth P0| Bitwidth P1|
    +---------------------------------------+----------+----+---+----+------------+------------+
    |add_ln123_1_fu_604_p2                  |         +|   0|  0|  13|          10|          10|
    |add_ln123_2_fu_610_p2                  |         +|   0|  0|  10|          10|          10|
    |add_ln123_3_fu_558_p2                  |         +|   0|  0|  10|          10|          10|
    |add_ln123_4_fu_564_p2                  |         +|   0|  0|  10|          10|          10|
    |add_ln123_5_fu_616_p2                  |         +|   0|  0|  10|          10|          10|
    |add_ln123_fu_548_p2                    |         +|   0|  0|  14|           9|           9|
    |currIdx_reg_fu_704_p2                  |         +|   0|  0|  39|          32|           4|
    |i_2_fu_645_p2                          |         +|   0|  0|  39|          32|           1|
    |len_14_fu_950_p2                       |         +|   0|  0|  10|           2|           1|
    |len_16_fu_1479_p2                      |         +|   0|  0|  11|           3|           1|
    |len_18_fu_1498_p2                      |         +|   0|  0|  11|           3|           1|
    |len_20_fu_1799_p2                      |         +|   0|  0|  11|           3|           1|
    |len_25_fu_1571_p2                      |         +|   0|  0|  10|           2|           1|
    |len_27_fu_1846_p2                      |         +|   0|  0|  11|           3|           1|
    |len_29_fu_1863_p2                      |         +|   0|  0|  11|           3|           1|
    |len_31_fu_2018_p2                      |         +|   0|  0|  11|           3|           1|
    |len_36_fu_1623_p2                      |         +|   0|  0|  10|           2|           1|
    |len_38_fu_1912_p2                      |         +|   0|  0|  11|           3|           1|
    |len_3_fu_813_p2                        |         +|   0|  0|  10|           2|           1|
    |len_40_fu_2063_p2                      |         +|   0|  0|  11|           3|           1|
    |len_42_fu_2074_p2                      |         +|   0|  0|  11|           3|           1|
    |len_47_fu_1663_p2                      |         +|   0|  0|  10|           2|           1|
    |len_49_fu_1686_p2                      |         +|   0|  0|  11|           3|           1|
    |len_51_fu_1929_p2                      |         +|   0|  0|  11|           3|           1|
    |len_53_fu_1944_p2                      |         +|   0|  0|  11|           3|           1|
    |len_58_fu_1738_p2                      |         +|   0|  0|  10|           2|           1|
    |len_5_fu_1398_p2                       |         +|   0|  0|  11|           3|           1|
    |len_60_fu_2328_p2                      |         +|   0|  0|  11|           3|           1|
    |len_62_fu_2345_p2                      |         +|   0|  0|  11|           3|           1|
    |len_64_fu_2447_p2                      |         +|   0|  0|  11|           3|           1|
    |len_7_fu_1417_p2                       |         +|   0|  0|  11|           3|           1|
    |len_9_fu_1761_p2                       |         +|   0|  0|  11|           3|           1|
    |match_offset_1_fu_1811_p2              |         +|   0|  0|  39|          32|           2|
    |match_offset_2_fu_1903_p2              |         +|   0|  0|  39|          32|           2|
    |match_offset_3_fu_2106_p2              |         +|   0|  0|  39|          32|           2|
    |match_offset_4_fu_2297_p2              |         +|   0|  0|  39|          32|           2|
    |match_offset_5_fu_2359_p2              |         +|   0|  0|  39|          32|           2|
    |match_offset_fu_1457_p2                |         +|   0|  0|  39|          32|           2|
    |tmp1_fu_592_p2                         |         +|   0|  0|  15|           8|           8|
    |sub_ln179_1_fu_1517_p2                 |         -|   0|  0|  39|          32|          32|
    |sub_ln179_2_fu_1882_p2                 |         -|   0|  0|  39|          32|          32|
    |sub_ln179_3_fu_2085_p2                 |         -|   0|  0|  39|          32|          32|
    |sub_ln179_4_fu_2120_p2                 |         -|   0|  0|  39|          32|          32|
    |sub_ln179_5_fu_2149_p2                 |         -|   0|  0|  39|          32|          32|
    |sub_ln179_fu_1436_p2                   |         -|   0|  0|  39|          32|          32|
    |and_ln191_10_fu_2001_p2                |       and|   0|  0|   2|           1|           1|
    |and_ln191_11_fu_2174_p2                |       and|   0|  0|   2|           1|           1|
    |and_ln191_12_fu_2180_p2                |       and|   0|  0|   2|           1|           1|
    |and_ln191_13_fu_2202_p2                |       and|   0|  0|   2|           1|           1|
    |and_ln191_14_fu_2207_p2                |       and|   0|  0|   2|           1|           1|
    |and_ln191_15_fu_2213_p2                |       and|   0|  0|   2|           1|           1|
    |and_ln191_16_fu_2219_p2                |       and|   0|  0|   2|           1|           1|
    |and_ln191_17_fu_2375_p2                |       and|   0|  0|   2|           1|           1|
    |and_ln191_18_fu_2380_p2                |       and|   0|  0|   2|           1|           1|
    |and_ln191_19_fu_2386_p2                |       and|   0|  0|   2|           1|           1|
    |and_ln191_1_fu_2185_p2                 |       and|   0|  0|   2|           1|           1|
    |and_ln191_20_fu_2392_p2                |       and|   0|  0|   2|           1|           1|
    |and_ln191_21_fu_2411_p2                |       and|   0|  0|   2|           1|           1|
    |and_ln191_22_fu_2416_p2                |       and|   0|  0|   2|           1|           1|
    |and_ln191_23_fu_2493_p2                |       and|   0|  0|   2|           1|           1|
    |and_ln191_24_fu_2499_p2                |       and|   0|  0|   2|           1|           1|
    |and_ln191_25_fu_2521_p2                |       and|   0|  0|   2|           1|           1|
    |and_ln191_26_fu_2526_p2                |       and|   0|  0|   2|           1|           1|
    |and_ln191_27_fu_2532_p2                |       and|   0|  0|   2|           1|           1|
    |and_ln191_28_fu_2538_p2                |       and|   0|  0|   2|           1|           1|
    |and_ln191_2_fu_2224_p2                 |       and|   0|  0|   2|           1|           1|
    |and_ln191_3_fu_2397_p2                 |       and|   0|  0|   2|           1|           1|
    |and_ln191_4_fu_2504_p2                 |       and|   0|  0|   2|           1|           1|
    |and_ln191_5_fu_2543_p2                 |       and|   0|  0|   2|           1|           1|
    |and_ln191_6_fu_1958_p2                 |       and|   0|  0|   2|           1|           1|
    |and_ln191_7_fu_1963_p2                 |       and|   0|  0|   2|           1|           1|
    |and_ln191_8_fu_1977_p2                 |       and|   0|  0|   2|           1|           1|
    |and_ln191_9_fu_1996_p2                 |       and|   0|  0|   2|           1|           1|
    |and_ln191_fu_1982_p2                   |       and|   0|  0|   2|           1|           1|
    |ap_block_pp0_stage1_11001              |       and|   0|  0|   2|           1|           1|
    |ap_block_pp0_stage2_01001_grp2         |       and|   0|  0|   2|           1|           1|
    |ap_block_state5_pp0_stage1_iter1_grp1  |       and|   0|  0|   2|           1|           1|
    |ap_enable_state4_pp0_iter1_stage0      |       and|   0|  0|   2|           1|           1|
    |ap_enable_state5_pp0_iter1_stage1      |       and|   0|  0|   2|           1|           1|
    |ap_enable_state6_pp0_iter1_stage2      |       and|   0|  0|   2|           1|           1|
    |ap_predicate_op100_store_state6        |       and|   0|  0|   2|           1|           1|
    |ap_predicate_op102_store_state6        |       and|   0|  0|   2|           1|           1|
    |ap_predicate_op104_store_state6        |       and|   0|  0|   2|           1|           1|
    |ap_predicate_op74_load_state4          |       and|   0|  0|   2|           1|           1|
    |ap_predicate_op75_load_state4          |       and|   0|  0|   2|           1|           1|
    |ap_predicate_op76_load_state4          |       and|   0|  0|   2|           1|           1|
    |ap_predicate_op77_load_state4          |       and|   0|  0|   2|           1|           1|
    |ap_predicate_op98_store_state6         |       and|   0|  0|   2|           1|           1|
    |icmp_ln168_10_fu_993_p2                |      icmp|   0|  0|  15|           8|           8|
    |icmp_ln168_12_fu_1030_p2               |      icmp|   0|  0|  15|           8|           8|
    |icmp_ln168_13_fu_1044_p2               |      icmp|   0|  0|  15|           8|           8|
    |icmp_ln168_14_fu_1058_p2               |      icmp|   0|  0|  15|           8|           8|
    |icmp_ln168_15_fu_1072_p2               |      icmp|   0|  0|  15|           8|           8|
    |icmp_ln168_16_fu_1086_p2               |      icmp|   0|  0|  15|           8|           8|
    |icmp_ln168_18_fu_1123_p2               |      icmp|   0|  0|  15|           8|           8|
    |icmp_ln168_19_fu_1137_p2               |      icmp|   0|  0|  15|           8|           8|
    |icmp_ln168_1_fu_802_p2                 |      icmp|   0|  0|  15|           8|           8|
    |icmp_ln168_20_fu_1151_p2               |      icmp|   0|  0|  15|           8|           8|
    |icmp_ln168_21_fu_1165_p2               |      icmp|   0|  0|  15|           8|           8|
    |icmp_ln168_22_fu_1179_p2               |      icmp|   0|  0|  15|           8|           8|
    |icmp_ln168_24_fu_1222_p2               |      icmp|   0|  0|  15|           8|           8|
    |icmp_ln168_25_fu_1242_p2               |      icmp|   0|  0|  15|           8|           8|
    |icmp_ln168_26_fu_1256_p2               |      icmp|   0|  0|  15|           8|           8|
    |icmp_ln168_27_fu_1270_p2               |      icmp|   0|  0|  15|           8|           8|
    |icmp_ln168_28_fu_1284_p2               |      icmp|   0|  0|  15|           8|           8|
    |icmp_ln168_2_fu_828_p2                 |      icmp|   0|  0|  15|           8|           8|
    |icmp_ln168_30_fu_1321_p2               |      icmp|   0|  0|  15|           8|           8|
    |icmp_ln168_31_fu_1335_p2               |      icmp|   0|  0|  15|           8|           8|
    |icmp_ln168_32_fu_1349_p2               |      icmp|   0|  0|  15|           8|           8|
    |icmp_ln168_33_fu_1363_p2               |      icmp|   0|  0|  15|           8|           8|
    |icmp_ln168_34_fu_1377_p2               |      icmp|   0|  0|  15|           8|           8|
    |icmp_ln168_3_fu_842_p2                 |      icmp|   0|  0|  15|           8|           8|
    |icmp_ln168_4_fu_856_p2                 |      icmp|   0|  0|  15|           8|           8|
    |icmp_ln168_6_fu_903_p2                 |      icmp|   0|  0|  15|           8|           8|
    |icmp_ln168_7_fu_939_p2                 |      icmp|   0|  0|  15|           8|           8|
    |icmp_ln168_8_fu_965_p2                 |      icmp|   0|  0|  15|           8|           8|
    |icmp_ln168_9_fu_979_p2                 |      icmp|   0|  0|  15|           8|           8|
    |icmp_ln168_fu_766_p2                   |      icmp|   0|  0|  15|           8|           8|
    |icmp_ln178_1_fu_1512_p2                |      icmp|   0|  0|  39|          32|          32|
    |icmp_ln178_2_fu_1877_p2                |      icmp|   0|  0|  39|          32|          32|
    |icmp_ln178_3_fu_2080_p2                |      icmp|   0|  0|  39|          32|          32|
    |icmp_ln178_4_fu_2115_p2                |      icmp|   0|  0|  39|          32|          32|
    |icmp_ln178_5_fu_2144_p2                |      icmp|   0|  0|  39|          32|          32|
    |icmp_ln178_fu_1431_p2                  |      icmp|   0|  0|  39|          32|          32|
    |icmp_ln179_1_fu_1532_p2                |      icmp|   0|  0|  23|          16|           1|
    |icmp_ln179_2_fu_1897_p2                |      icmp|   0|  0|  23|          16|           1|
    |icmp_ln179_3_fu_2100_p2                |      icmp|   0|  0|  23|          16|           1|
    |icmp_ln179_4_fu_2135_p2                |      icmp|   0|  0|  23|          16|           1|
    |icmp_ln179_5_fu_2164_p2                |      icmp|   0|  0|  23|          16|           1|
    |icmp_ln179_fu_1451_p2                  |      icmp|   0|  0|  23|          16|           1|
    |icmp_ln180_1_fu_1816_p2                |      icmp|   0|  0|  39|          32|           1|
    |icmp_ln180_2_fu_2038_p2                |      icmp|   0|  0|  39|          32|           1|
    |icmp_ln180_3_fu_2275_p2                |      icmp|   0|  0|  39|          32|           1|
    |icmp_ln180_4_fu_2302_p2                |      icmp|   0|  0|  39|          32|           1|
    |icmp_ln180_5_fu_2467_p2                |      icmp|   0|  0|  39|          32|           1|
    |icmp_ln180_fu_1773_p2                  |      icmp|   0|  0|  39|          32|           1|
    |icmp_ln185_10_fu_2472_p2               |      icmp|   0|  0|  11|           3|           2|
    |icmp_ln185_11_fu_2478_p2               |      icmp|   0|  0|  39|          32|          13|
    |icmp_ln185_1_fu_1784_p2                |      icmp|   0|  0|  39|          32|          13|
    |icmp_ln185_2_fu_1822_p2                |      icmp|   0|  0|  11|           3|           2|
    |icmp_ln185_3_fu_1828_p2                |      icmp|   0|  0|  39|          32|          13|
    |icmp_ln185_4_fu_2043_p2                |      icmp|   0|  0|  11|           3|           2|
    |icmp_ln185_5_fu_2049_p2                |      icmp|   0|  0|  39|          32|          13|
    |icmp_ln185_6_fu_2280_p2                |      icmp|   0|  0|  11|           3|           2|
    |icmp_ln185_7_fu_2286_p2                |      icmp|   0|  0|  39|          32|          13|
    |icmp_ln185_8_fu_2308_p2                |      icmp|   0|  0|  11|           3|           2|
    |icmp_ln185_9_fu_2313_p2                |      icmp|   0|  0|  39|          32|          13|
    |icmp_ln185_fu_1778_p2                  |      icmp|   0|  0|  11|           3|           2|
    |icmp_ln191_1_fu_2196_p2                |      icmp|   0|  0|  11|           3|           3|
    |icmp_ln191_2_fu_2369_p2                |      icmp|   0|  0|  11|           3|           3|
    |icmp_ln191_3_fu_2489_p2                |      icmp|   0|  0|  11|           3|           3|
    |icmp_ln191_4_fu_2515_p2                |      icmp|   0|  0|  11|           3|           3|
    |icmp_ln191_fu_2170_p2                  |      icmp|   0|  0|  11|           3|           3|
    |icmp_ln93_fu_519_p2                    |      icmp|   0|  0|  39|          32|          32|
    |len_11_fu_879_p2                       |      icmp|   0|  0|  15|           8|           8|
    |len_22_fu_1016_p2                      |      icmp|   0|  0|  15|           8|           8|
    |len_33_fu_1109_p2                      |      icmp|   0|  0|  15|           8|           8|
    |len_44_fu_1202_p2                      |      icmp|   0|  0|  15|           8|           8|
    |len_55_fu_1307_p2                      |      icmp|   0|  0|  15|           8|           8|
    |len_fu_742_p2                          |      icmp|   0|  0|  15|           8|           8|
    |ap_block_pp0                           |        or|   0|  0|   2|           1|           1|
    |done_11_fu_1546_p2                     |        or|   0|  0|   2|           1|           1|
    |done_12_fu_1566_p2                     |        or|   0|  0|   2|           1|           1|
    |done_13_fu_1585_p2                     |        or|   0|  0|   2|           1|           1|
    |done_14_fu_1859_p2                     |        or|   0|  0|   2|           1|           1|
    |done_16_fu_1598_p2                     |        or|   0|  0|   2|           1|           1|
    |done_17_fu_1618_p2                     |        or|   0|  0|   2|           1|           1|
    |done_18_fu_1637_p2                     |        or|   0|  0|   2|           1|           1|
    |done_19_fu_1925_p2                     |        or|   0|  0|   2|           1|           1|
    |done_1_fu_771_p2                       |        or|   0|  0|   2|           1|           1|
    |done_21_fu_1227_p2                     |        or|   0|  0|   2|           1|           1|
    |done_22_fu_1659_p2                     |        or|   0|  0|   2|           1|           1|
    |done_23_fu_1681_p2                     |        or|   0|  0|   2|           1|           1|
    |done_24_fu_1700_p2                     |        or|   0|  0|   2|           1|           1|
    |done_26_fu_1713_p2                     |        or|   0|  0|   2|           1|           1|
    |done_27_fu_1733_p2                     |        or|   0|  0|   2|           1|           1|
    |done_28_fu_1752_p2                     |        or|   0|  0|   2|           1|           1|
    |done_29_fu_2341_p2                     |        or|   0|  0|   2|           1|           1|
    |done_2_fu_807_p2                       |        or|   0|  0|   2|           1|           1|
    |done_3_fu_1394_p2                      |        or|   0|  0|   2|           1|           1|
    |done_4_fu_1412_p2                      |        or|   0|  0|   2|           1|           1|
    |done_6_fu_908_p2                       |        or|   0|  0|   2|           1|           1|
    |done_7_fu_944_p2                       |        or|   0|  0|   2|           1|           1|
    |done_8_fu_1475_p2                      |        or|   0|  0|   2|           1|           1|
    |done_9_fu_1493_p2                      |        or|   0|  0|   2|           1|           1|
    |or_ln168_10_fu_2014_p2                 |        or|   0|  0|   2|           1|           1|
    |or_ln168_15_fu_2257_p2                 |        or|   0|  0|   2|           1|           1|
    |or_ln168_20_fu_1940_p2                 |        or|   0|  0|   2|           1|           1|
    |or_ln168_25_fu_2443_p2                 |        or|   0|  0|   2|           1|           1|
    |or_ln168_5_fu_1795_p2                  |        or|   0|  0|   2|           1|           1|
    |or_ln168_fu_1757_p2                    |        or|   0|  0|   2|           1|           1|
    |or_ln185_1_fu_1834_p2                  |        or|   0|  0|   2|           1|           1|
    |or_ln185_2_fu_2054_p2                  |        or|   0|  0|   2|           1|           1|
    |or_ln185_3_fu_2291_p2                  |        or|   0|  0|   2|           1|           1|
    |or_ln185_4_fu_2319_p2                  |        or|   0|  0|   2|           1|           1|
    |or_ln185_5_fu_2483_p2                  |        or|   0|  0|   2|           1|           1|
    |or_ln185_fu_1789_p2                    |        or|   0|  0|   2|           1|           1|
    |or_ln191_1_fu_2553_p2                  |        or|   0|  0|   2|           1|           1|
    |or_ln191_2_fu_2244_p2                  |        or|   0|  0|   2|           1|           1|
    |or_ln191_3_fu_2577_p2                  |        or|   0|  0|   2|           1|           1|
    |or_ln191_fu_2549_p2                    |        or|   0|  0|   2|           1|           1|
    |len_12_fu_914_p3                       |    select|   0|  0|   3|           1|           3|
    |len_13_fu_922_p3                       |    select|   0|  0|   2|           1|           2|
    |len_15_fu_1466_p3                      |    select|   0|  0|   2|           1|           2|
    |len_17_fu_1485_p3                      |    select|   0|  0|   3|           1|           3|
    |len_19_fu_1504_p3                      |    select|   0|  0|   3|           1|           3|
    |len_1_fu_777_p3                        |    select|   0|  0|   3|           1|           3|
    |len_23_fu_1551_p3                      |    select|   0|  0|   3|           1|           3|
    |len_24_fu_1558_p3                      |    select|   0|  0|   2|           1|           2|
    |len_26_fu_1577_p3                      |    select|   0|  0|   2|           1|           2|
    |len_28_fu_1852_p3                      |    select|   0|  0|   3|           1|           3|
    |len_2_fu_785_p3                        |    select|   0|  0|   2|           1|           2|
    |len_30_fu_1869_p3                      |    select|   0|  0|   3|           1|           3|
    |len_34_fu_1603_p3                      |    select|   0|  0|   3|           1|           3|
    |len_35_fu_1610_p3                      |    select|   0|  0|   2|           1|           2|
    |len_37_fu_1629_p3                      |    select|   0|  0|   2|           1|           2|
    |len_39_fu_1918_p3                      |    select|   0|  0|   3|           1|           3|
    |len_41_fu_2068_p3                      |    select|   0|  0|   3|           1|           3|
    |len_45_fu_1645_p3                      |    select|   0|  0|   3|           1|           3|
    |len_46_fu_1652_p3                      |    select|   0|  0|   2|           1|           2|
    |len_48_fu_1669_p3                      |    select|   0|  0|   2|           1|           2|
    |len_4_fu_1385_p3                       |    select|   0|  0|   2|           1|           2|
    |len_50_fu_1692_p3                      |    select|   0|  0|   3|           1|           3|
    |len_52_fu_1934_p3                      |    select|   0|  0|   3|           1|           3|
    |len_56_fu_1718_p3                      |    select|   0|  0|   3|           1|           3|
    |len_57_fu_1725_p3                      |    select|   0|  0|   2|           1|           2|
    |len_59_fu_1744_p3                      |    select|   0|  0|   2|           1|           2|
    |len_61_fu_2334_p3                      |    select|   0|  0|   3|           1|           3|
    |len_63_fu_2351_p3                      |    select|   0|  0|   3|           1|           3|
    |len_66_fu_1766_p3                      |    select|   0|  0|   3|           1|           3|
    |len_67_fu_1804_p3                      |    select|   0|  0|   3|           1|           3|
    |len_68_fu_2023_p3                      |    select|   0|  0|   3|           1|           3|
    |len_69_fu_2261_p3                      |    select|   0|  0|   3|           1|           3|
    |len_6_fu_1404_p3                       |    select|   0|  0|   3|           1|           3|
    |len_70_fu_1950_p3                      |    select|   0|  0|   3|           1|           3|
    |len_71_fu_2452_p3                      |    select|   0|  0|   3|           1|           3|
    |len_8_fu_1423_p3                       |    select|   0|  0|   3|           1|           3|
    |match_length_11_fu_2590_p3             |    select|   0|  0|   3|           1|           3|
    |match_length_1_fu_1988_p3              |    select|   0|  0|   3|           1|           3|
    |match_length_3_fu_2190_p3              |    select|   0|  0|   3|           1|           3|
    |match_length_5_fu_2364_p3              |    select|   0|  0|   3|           1|           3|
    |match_length_7_fu_2403_p3              |    select|   0|  0|   3|           1|           3|
    |match_length_9_fu_2509_p3              |    select|   0|  0|   3|           1|           3|
    |select_ln191_1_fu_2563_p3              |    select|   0|  0|  16|           1|          16|
    |select_ln191_2_fu_2428_p3              |    select|   0|  0|  16|           1|          16|
    |select_ln191_3_fu_2570_p3              |    select|   0|  0|  16|           1|          16|
    |select_ln191_4_fu_2249_p3              |    select|   0|  0|  16|           1|          16|
    |select_ln191_5_fu_2583_p3              |    select|   0|  0|  16|           1|          16|
    |select_ln191_fu_2236_p3                |    select|   0|  0|  16|           1|          16|
    |ap_enable_pp0                          |       xor|   0|  0|   2|           1|           2|
    |done_10_fu_1541_p2                     |       xor|   0|  0|   2|           1|           2|
    |done_15_fu_1593_p2                     |       xor|   0|  0|   2|           1|           2|
    |done_20_fu_1207_p2                     |       xor|   0|  0|   2|           1|           2|
    |done_25_fu_1708_p2                     |       xor|   0|  0|   2|           1|           2|
    |done_5_fu_888_p2                       |       xor|   0|  0|   2|           1|           2|
    |done_fu_751_p2                         |       xor|   0|  0|   2|           1|           2|
    +---------------------------------------+----------+----+---+----+------------+------------+
    |Total                                  |          |   0|  0|2818|        1745|        1237|
    +---------------------------------------+----------+----+---+----+------------+------------+

    * Multiplexer: 
    +--------------------------+----+-----------+-----+-----------+
    |           Name           | LUT| Input Size| Bits| Total Bits|
    +--------------------------+----+-----------+-----+-----------+
    |ap_NS_fsm                 |  20|          4|    1|          4|
    |ap_done_int               |   9|          2|    1|          2|
    |ap_enable_reg_pp0_iter0   |   9|          2|    1|          2|
    |ap_enable_reg_pp0_iter1   |   9|          2|    1|          2|
    |compressdStream_blk_n     |   9|          2|    1|          2|
    |i_fu_298                  |   9|          2|   32|         64|
    |inStream_blk_n            |   9|          2|    1|          2|
    |present_window_11_fu_302  |   9|          2|    8|         16|
    |present_window_12_fu_306  |   9|          2|    8|         16|
    |present_window_13_fu_310  |   9|          2|    8|         16|
    |present_window_14_fu_314  |   9|          2|    8|         16|
    |present_window_15_fu_318  |   9|          2|    8|         16|
    +--------------------------+----+-----------+-----+-----------+
    |Total                     | 119|         26|   78|        158|
    +--------------------------+----+-----------+-----+-----------+

    * Register: 
    +-----------------------------------------------+-----+----+-----+-----------+
    |                      Name                     |  FF | LUT| Bits| Const Bits|
    +-----------------------------------------------+-----+----+-----+-----------+
    |add_ln123_4_reg_2722                           |   10|   0|   10|          0|
    |and_ln191_10_reg_3241                          |    1|   0|    1|          0|
    |and_ln191_22_reg_3358                          |    1|   0|    1|          0|
    |and_ln191_2_reg_3313                           |    1|   0|    1|          0|
    |and_ln191_3_reg_3347                           |    1|   0|    1|          0|
    |and_ln191_4_reg_3373                           |    1|   0|    1|          0|
    |and_ln191_5_reg_3383                           |    1|   0|    1|          0|
    |and_ln191_reg_3230                             |    1|   0|    1|          0|
    |ap_CS_fsm                                      |    3|   0|    3|          0|
    |ap_block_pp0_stage1_subdone_grp0_done_reg      |    1|   0|    1|          0|
    |ap_block_pp0_stage2_subdone_grp0_done_reg      |    1|   0|    1|          0|
    |ap_done_reg                                    |    1|   0|    1|          0|
    |ap_enable_reg_pp0_iter0_reg                    |    1|   0|    1|          0|
    |ap_enable_reg_pp0_iter1                        |    1|   0|    1|          0|
    |ap_enable_reg_pp0_iter2                        |    1|   0|    1|          0|
    |ap_enable_reg_pp0_iter3                        |    1|   0|    1|          0|
    |ap_loop_exit_ready_pp0_iter1_reg               |    1|   0|    1|          0|
    |ap_loop_exit_ready_pp0_iter2_reg               |    1|   0|    1|          0|
    |compareIdx_1_reg_2887                          |   20|   0|   20|          0|
    |compareIdx_2_reg_2923                          |   20|   0|   20|          0|
    |compareIdx_3_reg_2960                          |   20|   0|   20|          0|
    |compareIdx_4_reg_2997                          |   20|   0|   20|          0|
    |compareIdx_5_reg_3034                          |   20|   0|   20|          0|
    |compareIdx_reg_2851                            |   20|   0|   20|          0|
    |currIdx_reg_reg_2835                           |   32|   0|   32|          0|
    |dictReadValue_reg_reg_2784                     |  408|   0|  408|          0|
    |dict_1_addr_reg_2755                           |    8|   0|    8|          0|
    |dict_2_addr_reg_2761                           |    8|   0|    8|          0|
    |dict_3_addr_reg_2767                           |    8|   0|    8|          0|
    |dict_addr_reg_2749                             |    8|   0|    8|          0|
    |done_13_reg_3130                               |    1|   0|    1|          0|
    |done_14_reg_3182                               |    1|   0|    1|          0|
    |done_18_reg_3141                               |    1|   0|    1|          0|
    |done_19_reg_3216                               |    1|   0|    1|          0|
    |done_21_reg_3008                               |    1|   0|    1|          0|
    |done_24_reg_3153                               |    1|   0|    1|          0|
    |done_28_reg_3164                               |    1|   0|    1|          0|
    |done_29_reg_3329                               |    1|   0|    1|          0|
    |done_2_reg_2861                                |    1|   0|    1|          0|
    |done_4_reg_3071                                |    1|   0|    1|          0|
    |done_7_reg_2897                                |    1|   0|    1|          0|
    |done_9_reg_3099                                |    1|   0|    1|          0|
    |i_1_reg_2656                                   |   32|   0|   32|          0|
    |i_1_reg_2656_pp0_iter1_reg                     |   32|   0|   32|          0|
    |i_fu_298                                       |   32|   0|   32|          0|
    |icmp_ln168_10_reg_2918                         |    1|   0|    1|          0|
    |icmp_ln168_12_reg_2935                         |    1|   0|    1|          0|
    |icmp_ln168_13_reg_2940                         |    1|   0|    1|          0|
    |icmp_ln168_14_reg_2945                         |    1|   0|    1|          0|
    |icmp_ln168_15_reg_2950                         |    1|   0|    1|          0|
    |icmp_ln168_16_reg_2955                         |    1|   0|    1|          0|
    |icmp_ln168_18_reg_2972                         |    1|   0|    1|          0|
    |icmp_ln168_19_reg_2977                         |    1|   0|    1|          0|
    |icmp_ln168_20_reg_2982                         |    1|   0|    1|          0|
    |icmp_ln168_21_reg_2987                         |    1|   0|    1|          0|
    |icmp_ln168_22_reg_2992                         |    1|   0|    1|          0|
    |icmp_ln168_22_reg_2992_pp0_iter2_reg           |    1|   0|    1|          0|
    |icmp_ln168_25_reg_3014                         |    1|   0|    1|          0|
    |icmp_ln168_26_reg_3019                         |    1|   0|    1|          0|
    |icmp_ln168_27_reg_3024                         |    1|   0|    1|          0|
    |icmp_ln168_28_reg_3029                         |    1|   0|    1|          0|
    |icmp_ln168_2_reg_2872                          |    1|   0|    1|          0|
    |icmp_ln168_30_reg_3046                         |    1|   0|    1|          0|
    |icmp_ln168_31_reg_3051                         |    1|   0|    1|          0|
    |icmp_ln168_32_reg_3056                         |    1|   0|    1|          0|
    |icmp_ln168_33_reg_3061                         |    1|   0|    1|          0|
    |icmp_ln168_33_reg_3061_pp0_iter2_reg           |    1|   0|    1|          0|
    |icmp_ln168_34_reg_3066                         |    1|   0|    1|          0|
    |icmp_ln168_34_reg_3066_pp0_iter2_reg           |    1|   0|    1|          0|
    |icmp_ln168_3_reg_2877                          |    1|   0|    1|          0|
    |icmp_ln168_4_reg_2882                          |    1|   0|    1|          0|
    |icmp_ln168_8_reg_2908                          |    1|   0|    1|          0|
    |icmp_ln168_9_reg_2913                          |    1|   0|    1|          0|
    |icmp_ln178_1_reg_3110                          |    1|   0|    1|          0|
    |icmp_ln178_2_reg_3193                          |    1|   0|    1|          0|
    |icmp_ln178_3_reg_3261                          |    1|   0|    1|          0|
    |icmp_ln178_4_reg_3278                          |    1|   0|    1|          0|
    |icmp_ln178_5_reg_3293                          |    1|   0|    1|          0|
    |icmp_ln178_reg_3082                            |    1|   0|    1|          0|
    |icmp_ln179_1_reg_3120                          |    1|   0|    1|          0|
    |icmp_ln179_2_reg_3198                          |    1|   0|    1|          0|
    |icmp_ln179_3_reg_3266                          |    1|   0|    1|          0|
    |icmp_ln179_4_reg_3288                          |    1|   0|    1|          0|
    |icmp_ln179_5_reg_3303                          |    1|   0|    1|          0|
    |icmp_ln179_reg_3087                            |    1|   0|    1|          0|
    |icmp_ln93_reg_2718                             |    1|   0|    1|          0|
    |len_13_reg_2892                                |    2|   0|    2|          0|
    |len_14_reg_2903                                |    2|   0|    2|          0|
    |len_19_reg_3104                                |    3|   0|    3|          0|
    |len_22_reg_2928                                |    1|   0|    1|          0|
    |len_26_reg_3125                                |    2|   0|    2|          0|
    |len_2_reg_2856                                 |    2|   0|    2|          0|
    |len_30_reg_3187                                |    3|   0|    3|          0|
    |len_33_reg_2965                                |    1|   0|    1|          0|
    |len_37_reg_3136                                |    2|   0|    2|          0|
    |len_39_reg_3210                                |    3|   0|    3|          0|
    |len_3_reg_2867                                 |    2|   0|    2|          0|
    |len_41_reg_3251                                |    3|   0|    3|          0|
    |len_42_reg_3256                                |    3|   0|    3|          0|
    |len_44_reg_3002                                |    1|   0|    1|          0|
    |len_50_reg_3147                                |    3|   0|    3|          0|
    |len_55_reg_3039                                |    1|   0|    1|          0|
    |len_59_reg_3159                                |    2|   0|    2|          0|
    |len_63_reg_3334                                |    3|   0|    3|          0|
    |len_67_reg_3170                                |    3|   0|    3|          0|
    |len_68_reg_3246                                |    3|   0|    3|          0|
    |len_70_reg_3222                                |    3|   0|    3|          0|
    |len_71_reg_3368                                |    3|   0|    3|          0|
    |len_8_reg_3076                                 |    3|   0|    3|          0|
    |lshr_ln1_reg_2732                              |    8|   0|    8|          0|
    |match_length_1_reg_3235                        |    3|   0|    3|          0|
    |match_length_3_reg_3308                        |    3|   0|    3|          0|
    |match_length_7_reg_3352                        |    3|   0|    3|          0|
    |match_length_9_reg_3378                        |    3|   0|    3|          0|
    |match_offset_1_reg_3177                        |   32|   0|   32|          0|
    |match_offset_2_reg_3203                        |   32|   0|   32|          0|
    |match_offset_3_reg_3271                        |   32|   0|   32|          0|
    |match_offset_4_reg_3324                        |   32|   0|   32|          0|
    |match_offset_5_reg_3340                        |   32|   0|   32|          0|
    |match_offset_reg_3092                          |   32|   0|   32|          0|
    |new_byte_reg_2773                              |    8|   0|    8|          0|
    |present_window_11_fu_302                       |    8|   0|    8|          0|
    |present_window_11_load_reg_2662                |    8|   0|    8|          0|
    |present_window_12_fu_306                       |    8|   0|    8|          0|
    |present_window_12_load_reg_2676                |    8|   0|    8|          0|
    |present_window_13_fu_310                       |    8|   0|    8|          0|
    |present_window_13_load_reg_2690                |    8|   0|    8|          0|
    |present_window_14_fu_314                       |    8|   0|    8|          0|
    |present_window_14_load_reg_2704                |    8|   0|    8|          0|
    |present_window_15_fu_318                       |    8|   0|    8|          0|
    |present_window_15_load_reg_2737                |    8|   0|    8|          0|
    |present_window_15_load_reg_2737_pp0_iter2_reg  |    8|   0|    8|          0|
    |select_ln191_2_reg_3363                        |   16|   0|   16|          0|
    |select_ln191_4_reg_3319                        |   16|   0|   16|          0|
    |sub_ln179_1_reg_3115                           |   32|   0|   32|          0|
    |sub_ln179_4_reg_3283                           |   32|   0|   32|          0|
    |sub_ln179_5_reg_3298                           |   32|   0|   32|          0|
    |trunc_ln111_reg_2727                           |    2|   0|    2|          0|
    |trunc_ln127_reg_2830                           |  340|   0|  340|          0|
    |icmp_ln93_reg_2718                             |   64|  32|    1|          0|
    |present_window_11_load_reg_2662                |   64|  32|    8|          0|
    |present_window_12_load_reg_2676                |   64|  32|    8|          0|
    |present_window_13_load_reg_2690                |   64|  32|    8|          0|
    |present_window_14_load_reg_2704                |   64|  32|    8|          0|
    +-----------------------------------------------+-----+----+-----+-----------+
    |Total                                          | 1922| 160| 1635|          0|
    +-----------------------------------------------+-----+----+-----+-----------+



================================================================
== Interface
================================================================
* Summary: 
+---------------------------------+-----+-----+------------+--------------------------------------------------------------+--------------+
|            RTL Ports            | Dir | Bits|  Protocol  |                         Source Object                        |    C Type    |
+---------------------------------+-----+-----+------------+--------------------------------------------------------------+--------------+
|ap_clk                           |   in|    1|  ap_ctrl_hs|  lzCompress<6, 4, 65536, 6, 1, 1024, 64>_Pipeline_lz_compress|  return value|
|ap_rst                           |   in|    1|  ap_ctrl_hs|  lzCompress<6, 4, 65536, 6, 1, 1024, 64>_Pipeline_lz_compress|  return value|
|ap_start                         |   in|    1|  ap_ctrl_hs|  lzCompress<6, 4, 65536, 6, 1, 1024, 64>_Pipeline_lz_compress|  return value|
|ap_done                          |  out|    1|  ap_ctrl_hs|  lzCompress<6, 4, 65536, 6, 1, 1024, 64>_Pipeline_lz_compress|  return value|
|ap_idle                          |  out|    1|  ap_ctrl_hs|  lzCompress<6, 4, 65536, 6, 1, 1024, 64>_Pipeline_lz_compress|  return value|
|ap_ready                         |  out|    1|  ap_ctrl_hs|  lzCompress<6, 4, 65536, 6, 1, 1024, 64>_Pipeline_lz_compress|  return value|
|inStream_dout                    |   in|    8|     ap_fifo|                                                      inStream|       pointer|
|inStream_empty_n                 |   in|    1|     ap_fifo|                                                      inStream|       pointer|
|inStream_read                    |  out|    1|     ap_fifo|                                                      inStream|       pointer|
|compressdStream_din              |  out|   32|     ap_fifo|                                               compressdStream|       pointer|
|compressdStream_full_n           |   in|    1|     ap_fifo|                                               compressdStream|       pointer|
|compressdStream_write            |  out|    1|     ap_fifo|                                               compressdStream|       pointer|
|compressdStream_num_data_valid   |   in|    4|     ap_fifo|                                               compressdStream|       pointer|
|compressdStream_fifo_cap         |   in|    4|     ap_fifo|                                               compressdStream|       pointer|
|arrayidx48_promoted187_reload    |   in|    8|     ap_none|                                 arrayidx48_promoted187_reload|        scalar|
|arrayidx42_3_promoted185_reload  |   in|    8|     ap_none|                               arrayidx42_3_promoted185_reload|        scalar|
|arrayidx71_promoted183_reload    |   in|    8|     ap_none|                                 arrayidx71_promoted183_reload|        scalar|
|arrayidx61_promoted181_reload    |   in|    8|     ap_none|                                 arrayidx61_promoted181_reload|        scalar|
|arrayidx54_promoted179_reload    |   in|    8|     ap_none|                                 arrayidx54_promoted179_reload|        scalar|
|sub27                            |   in|   32|     ap_none|                                                         sub27|        scalar|
|dict_3_address0                  |  out|    8|   ap_memory|                                                        dict_3|         array|
|dict_3_ce0                       |  out|    1|   ap_memory|                                                        dict_3|         array|
|dict_3_q0                        |   in|  408|   ap_memory|                                                        dict_3|         array|
|dict_3_address1                  |  out|    8|   ap_memory|                                                        dict_3|         array|
|dict_3_ce1                       |  out|    1|   ap_memory|                                                        dict_3|         array|
|dict_3_we1                       |  out|    1|   ap_memory|                                                        dict_3|         array|
|dict_3_d1                        |  out|  408|   ap_memory|                                                        dict_3|         array|
|dict_2_address0                  |  out|    8|   ap_memory|                                                        dict_2|         array|
|dict_2_ce0                       |  out|    1|   ap_memory|                                                        dict_2|         array|
|dict_2_q0                        |   in|  408|   ap_memory|                                                        dict_2|         array|
|dict_2_address1                  |  out|    8|   ap_memory|                                                        dict_2|         array|
|dict_2_ce1                       |  out|    1|   ap_memory|                                                        dict_2|         array|
|dict_2_we1                       |  out|    1|   ap_memory|                                                        dict_2|         array|
|dict_2_d1                        |  out|  408|   ap_memory|                                                        dict_2|         array|
|dict_1_address0                  |  out|    8|   ap_memory|                                                        dict_1|         array|
|dict_1_ce0                       |  out|    1|   ap_memory|                                                        dict_1|         array|
|dict_1_q0                        |   in|  408|   ap_memory|                                                        dict_1|         array|
|dict_1_address1                  |  out|    8|   ap_memory|                                                        dict_1|         array|
|dict_1_ce1                       |  out|    1|   ap_memory|                                                        dict_1|         array|
|dict_1_we1                       |  out|    1|   ap_memory|                                                        dict_1|         array|
|dict_1_d1                        |  out|  408|   ap_memory|                                                        dict_1|         array|
|dict_address0                    |  out|    8|   ap_memory|                                                          dict|         array|
|dict_ce0                         |  out|    1|   ap_memory|                                                          dict|         array|
|dict_q0                          |   in|  408|   ap_memory|                                                          dict|         array|
|dict_address1                    |  out|    8|   ap_memory|                                                          dict|         array|
|dict_ce1                         |  out|    1|   ap_memory|                                                          dict|         array|
|dict_we1                         |  out|    1|   ap_memory|                                                          dict|         array|
|dict_d1                          |  out|  408|   ap_memory|                                                          dict|         array|
|present_window_15_out            |  out|    8|      ap_vld|                                         present_window_15_out|       pointer|
|present_window_15_out_ap_vld     |  out|    1|      ap_vld|                                         present_window_15_out|       pointer|
|present_window_14_out            |  out|    8|      ap_vld|                                         present_window_14_out|       pointer|
|present_window_14_out_ap_vld     |  out|    1|      ap_vld|                                         present_window_14_out|       pointer|
|present_window_13_out            |  out|    8|      ap_vld|                                         present_window_13_out|       pointer|
|present_window_13_out_ap_vld     |  out|    1|      ap_vld|                                         present_window_13_out|       pointer|
|present_window_12_out            |  out|    8|      ap_vld|                                         present_window_12_out|       pointer|
|present_window_12_out_ap_vld     |  out|    1|      ap_vld|                                         present_window_12_out|       pointer|
|present_window_11_out            |  out|    8|      ap_vld|                                         present_window_11_out|       pointer|
|present_window_11_out_ap_vld     |  out|    1|      ap_vld|                                         present_window_11_out|       pointer|
+---------------------------------+-----+-----+------------+--------------------------------------------------------------+--------------+

